INFO:utkarsh.shende
INFO:apurva.shende
